C51 COMPILER V9.54   MDC04                                                                 04/13/2022 19:58:02 PAGE 1   


C51 COMPILER V9.54, COMPILATION OF MODULE MDC04
OBJECT MODULE PLACED IN .\output\MDC04.obj
COMPILER INVOKED BY: F:\keil51\C51\BIN\C51.EXE ..\DRIVE\src\MDC04.c COMPACT OMF2 OPTIMIZE(8,SPEED) BROWSE INCDIR(..\DEVI
                    -CE\inc;..\DRIVE\inc) DEBUG PRINT(.\lst\MDC04.lst) TABS(2) OBJECT(.\output\MDC04.obj)

line level    source

   1          #ifndef _MDC04_C_
   2          #define _MDC04_C_
   3          
   4          #include "ca51f003_config.h"
   5          #include "owmy.h"
   6          #include "MDC04.h"
   7          #include "delay.h"
   8          #include "uart.h"
   9          
  10          
  11          //#define u16 unsigned short 
  12          
  13          
  14          /****全局变量：保存和电容配置寄存器对应的偏置电容和量程电容数值****/
  15          float CapCfg_offset, CapCfg_range;
  16          
  17          /****偏置电容和反馈电容阵列权系数****/
  18          static const float COS_Factor[8] = {0.5, 1.0, 2.0, 4.0, 8.0, 16.0, 32.0, 40.0};
  19          /*Cos= (40.0*q[7]+32.0*q[6]+16.0*q[5]+8.0*q[4]+4.0*q[3]+2.0*q[2]+1.0*q[1]+0.5*q[0])*/
  20          static const struct  {float Cfb0; float Factor[6];} CFB = { 2.0, 2.0, 4.0, 8.0, 16.0, 32.0, 46.0};
  21          /*Cfb =(46*p[5]+32*p[4]+16*p[3]+8*p[2]+4*p[1]+2*p[0]+2)*/
  22          
  23          
  24          void  ConvertTemp(void)
  25          {  
  26   1        int i;
  27   1        unsigned char  scr[8];
  28   1      //   uchar c[2];
  29   1        unsigned short  Temp_u16;
  30   1        float temp;
  31   1        OW_ResetPresence(); 
  32   1        
  33   1          
  34   1      
  35   1        OW_WriteByte(0xcc);
  36   1        OW_WriteByte(0x44);
  37   1        Delay_ms(15);
  38   1        
  39   1        OW_ResetPresence(); 
  40   1         OW_WriteByte(0xcc);
  41   1          OW_WriteByte(0xbe);
  42   1        
  43   1      
  44   1          for(i=0; i < 8; i++)
  45   1          {
  46   2            scr[i] = OW_ReadByte();
  47   2      //        uart_printf("%bx ",scr);
  48   2        }
  49   1      
  50   1        Temp_u16 = scr[1]<<8 | scr[0];
  51   1      
  52   1      //  uart_printf(" Temp_u16:%x  ",Temp_u16);
  53   1        temp = ((short)Temp_u16)/256.0+40.0;
  54   1        
C51 COMPILER V9.54   MDC04                                                                 04/13/2022 19:58:02 PAGE 2   

  55   1        uart_printf("temp:%.2f \n",temp);
  56   1        
  57   1       
  58   1      }
  59          
  60          //////////////////////////////////////////////////////////////////////////////////////////////////////////
             -///
  61          
  62          /**
  63            * @brief  读芯片寄存器的参数组
  64            * @param  scr：字节数组指针， 长度为 @sizeof（MDC04_SCRPARAMETERS）
  65            * @retval 读状态
  66          **/
  67          int MDC04_ReadParameters_SkipRom(unsigned char *scr)
  68          {
  69   1          int i;
  70   1      
  71   1          if(OW_ResetPresence() == 1)           
  72   1            return 0;
  73   1          
  74   1          OW_WriteByte(0xcc);
  75   1          OW_WriteByte(0x8b);//READ_PARAMETERS
  76   1          
  77   1          for(i=0; i < sizeof(MDC04_SCRPARAMETERS); i++)
  78   1          {
  79   2          *scr++ = OW_ReadByte();
  80   2        }
  81   1      
  82   1          return 1;
  83   1      }
  84          /**
  85            * @brief  写芯片寄存器的参数组
  86            * @param  scr：字节数组指针， 长度为 @sizeof（MDC04_SCRPARAMETERS）
  87            * @retval 写状态
  88          **/
  89          int MDC04_WriteParameters_SkipRom(unsigned char *scr)
  90          {
  91   1          int i;
  92   1      
  93   1          if(OW_ResetPresence() == 1)         
  94   1            return 0;
  95   1          
  96   1          OW_WriteByte(0xcc);
  97   1          OW_WriteByte(0xab);//WRITE_PARAMETERS
  98   1          
  99   1          for(i=0; i < sizeof(MDC04_SCRPARAMETERS); i++)
 100   1          {
 101   2          OW_WriteByte(*scr++);
 102   2        }
 103   1      
 104   1          return 1;
 105   1      }
 106          
 107          /**
 108            * @brief  读芯片寄存器的暂存器组
 109            * @param  scr：字节数组指针， 长度为 @sizeof（MDC04_SCRATCHPAD_READ）
 110            * @retval 读状态
 111          */
 112          int MDC04_ReadScratchpad_SkipRom(unsigned char *scr)
 113          {
 114   1          int i;
 115   1      
C51 COMPILER V9.54   MDC04                                                                 04/13/2022 19:58:02 PAGE 3   

 116   1        /*size < sizeof(MDC04_SCRATCHPAD_READ)*/
 117   1          if(OW_ResetPresence() == 1)         
 118   1            return 0;
 119   1          
 120   1          OW_WriteByte(0xcc);
 121   1          OW_WriteByte(0xbe);//READ_SCRATCHPAD
 122   1          
 123   1          for(i=0; i < sizeof(MDC04_SCRATCHPAD_READ); i++)
 124   1          {
 125   2          *scr++ = OW_ReadByte();
 126   2        }
 127   1      
 128   1          return 1;
 129   1      }
 130          /**
 131            * @brief  写芯片寄存器的暂存器组
 132            * @param  scr：字节数组指针， 长度为 @sizeof（MDC04_SCRATCHPAD_WRITE）
 133            * @retval 写状态
 134          **/
 135          int MDC04_WriteScratchpad_SkipRom(unsigned char *scr)
 136          {
 137   1          int i;
 138   1      
 139   1          if(OW_ResetPresence() == 1)           
 140   1            return 0;
 141   1          
 142   1          OW_WriteByte(0xcc);
 143   1          OW_WriteByte(0x4e);//WRITE_SCRATCHPAD
 144   1          
 145   1          for(i=0; i < sizeof(MDC04_SCRATCHPAD_WRITE); i++)
 146   1          {
 147   2            OW_WriteByte(*scr++);
 148   2        }
 149   1      
 150   1          return 1;
 151   1      }
 152          
 153          
 154          /**
 155            * @brief  读量程电容配置寄存器内容
 156            * @param  Cfb：量程配置寄存器低6位的内容
 157            * @retval 状态
 158          */
 159          int ReadCfbConfig(unsigned char *Cfb)
 160          { 
 161   1        unsigned char scrb[sizeof(MDC04_SCRPARAMETERS)];
 162   1        MDC04_SCRPARAMETERS *scr = (MDC04_SCRPARAMETERS *) scrb;
 163   1      
 164   1        /*读15个字节。第5字节是偏置电容配置寄存器，第10字节是量程电容配置寄存器，最后字节是前14个的校验和--CRC。*
             -/  
 165   1        if(MDC04_ReadParameters_SkipRom(scrb) == 0)
 166   1        {   
 167   2          return 0;  /*读寄存器失败*/
 168   2        }
 169   1        
 170   1      //  /*计算接收的前14个字节的校验和，并与接收的第15个CRC字节比较。*/ 
 171   1      //  if(scrb[sizeof(MDC04_SCRPARAMETERS)-1] != MY_OW_CRC8(scrb, sizeof(MDC04_SCRPARAMETERS)-1))
 172   1      //  { 
 173   1      //    return FALSE;   /*CRC验证未通过*/
 174   1      //  } 
 175   1          
 176   1        *Cfb = scr->Cfb & 0x3F;
C51 COMPILER V9.54   MDC04                                                                 04/13/2022 19:58:02 PAGE 4   

 177   1        
 178   1        return 1;
 179   1      }
 180          
 181          /**
 182            * @brief  读偏置电容配置寄存器内容
 183            * @param  Coffset：偏置配置寄存器有效位的内容
 184            * @retval 无
 185          */
 186          int ReadCosConfig(unsigned char *Coscfg)
 187          { 
 188   1        unsigned char scrb[sizeof(MDC04_SCRPARAMETERS)];
 189   1        MDC04_SCRPARAMETERS *scr = (MDC04_SCRPARAMETERS *) scrb;
 190   1      
 191   1        /*读15个字节。第5字节是偏置电容配置寄存器，第10字节是量程电容配置寄存器，最后字节是前14个的校验和--CRC。*
             -/  
 192   1        if(MDC04_ReadParameters_SkipRom(scrb) == 0)
 193   1        {   
 194   2          return 0;  /*读寄存器失败*/
 195   2        }
 196   1        
 197   1      //  /*计算接收的前14个字节的校验和，并与接收的第15个CRC字节比较。*/ 
 198   1      //  if(scrb[sizeof(MDC04_SCRPARAMETERS)-1] != MY_OW_CRC8(scrb, sizeof(MDC04_SCRPARAMETERS)-1))
 199   1      //  { 
 200   1      //    return FALSE;  /*CRC验证未通过*/
 201   1      //  } 
 202   1      
 203   1        *Coscfg = scr->Cos & (0xFF >> (3 - (scr->Cfb >> 6))); //屏蔽掉无效位，根据CFB寄存器的高2位
 204   1        
 205   1        return 1;   
 206   1      }
 207          
 208          
 209          /**
 210            * @brief  将偏置电容配置转换为对应的偏置电容数值（pF）
 211            * @param  osCfg：偏置电容配置
 212            * @retval 对应偏置电容的数值
 213          */
 214          float CoscfgtoCapOffset(unsigned char  osCfg)
 215          {
 216   1        int i; 
 217   1        float Coffset = 0.0; 
 218   1      
 219   1        for(i = 0; i < 8; i++) 
 220   1        {
 221   2          if(osCfg & 0x01) Coffset += COS_Factor[i];
 222   2          osCfg >>= 1;
 223   2        }
 224   1        
 225   1        return Coffset;
 226   1      }
 227          /**
 228            * @brief  将量程电容配置转换为对应的量程电容数值（pF）
 229            * @param  fbCfg：量程电容配置
 230            * @retval 对应量程电容的数值
 231          */
 232          float CfbcfgtoCapRange(unsigned char  fbCfg)
 233          {
 234   1        int i;  
 235   1        float Crange = CFB.Cfb0;
 236   1        
 237   1        for(i = 0; i <= 5; i++)
C51 COMPILER V9.54   MDC04                                                                 04/13/2022 19:58:02 PAGE 5   

 238   1        {
 239   2          if(fbCfg & 0x01) Crange += CFB.Factor[i];
 240   2          fbCfg >>= 1;
 241   2        }
 242   1      
 243   1        return (0.507/3.6) * Crange;  
 244   1      }
 245          
 246          /**
 247            * @brief  启动温度和电容通道1同时测量
 248            * @param  无
 249            * @retval 单总线发送状态
 250          */
 251          void ConvertTC1(void)
 252          {  
 253   1            
 254   1        OW_ResetPresence();
 255   1      
 256   1        OW_WriteByte(0xcc);
 257   1        OW_WriteByte(0x10);
 258   1          
 259   1      }
 260          
 261          /**
 262            * @brief  获取配置的偏置电容数值（pF）
 263            * @param  Coffset：偏置电容配置
 264            * @retval 无
 265          */
 266          void GetCfg_CapOffset(float *Coffset)
 267          {
 268   1        unsigned char  Cos_cfg;
 269   1        
 270   1        ReadCosConfig(&Cos_cfg);
 271   1        *Coffset = CoscfgtoCapOffset(Cos_cfg);  
 272   1      }
 273          
 274          /**
 275            * @brief  获取配置的量程电容数值（pF）
 276            * @param  Crange：返回量程电容数值
 277            * @retval 无
 278          */
 279          void GetCfg_CapRange(float *Crange)
 280          {
 281   1        unsigned char  Cfb_cfg;
 282   1        
 283   1        ReadCfbConfig(&Cfb_cfg);
 284   1        *Crange = CfbcfgtoCapRange(Cfb_cfg);
 285   1      }
 286          
 287          
 288          /**
 289            * @brief  读电容配置
 290            * @param  Coffset：配置的偏置电容。
 291            * @param  Crange：配置的量程电容。
 292            * @retval 无
 293          */
 294          void ReadCapConfigure(float *Coffset, float *Crange)
 295          { 
 296   1        GetCfg_CapOffset(Coffset);
 297   1        GetCfg_CapRange(Crange);
 298   1      
 299   1      }
C51 COMPILER V9.54   MDC04                                                                 04/13/2022 19:58:02 PAGE 6   

 300          /**
 301            * @brief  把16位二进制补码表示的温度输出转换为以摄氏度为单位的温度读数
 302            * @param  out：有符号的16位二进制温度输出
 303            * @retval 以摄氏度为单位的浮点温度
 304          */
 305          float MDC04_OutputtoTemp(unsigned short out)
 306          {
 307   1        return (((short)out)/256.0 + 40.0); 
 308   1      }
 309          
 310          /**
 311            * @brief  把16位二进制电容输出转换为以pF为单位的电容读数
 312            * @param  out：无符号的16位二进制电容输出
 313            * @param  Co：配置的偏置电容数值
 314            * @param  Cr：配置的范围电容（量程）数值
 315            * @retval 以pF为单位的浮点电容数值
 316          */
 317          float MDC04_OutputtoCap(unsigned short out, float Co, float Cr)
 318          {
 319   1        return (2.0*(out/65535.0-0.5)*Cr+Co); 
 320   1      }
 321          
 322          
 323           int ReadTempCap1(unsigned short *iTemp, unsigned short *iCap1)
 324          { 
 325   1        unsigned char scrb[sizeof(MDC04_SCRATCHPAD_READ)];
 326   1        MDC04_SCRATCHPAD_READ *scr = (MDC04_SCRATCHPAD_READ *) scrb;
 327   1      
 328   1        /*读9个字节。前两个是温度转换结果，最后字节是前8个的校验和--CRC。*/ 
 329   1        if(MDC04_ReadScratchpad_SkipRom(scrb) == 0)
 330   1        {   
 331   2          return 0;  /*读寄存器失败*/
 332   2        }
 333   1      
 334   1      //  /*计算接收的前8个字节的校验和，并与接收的第9个CRC字节比较。*/ 
 335   1      //  if(scrb[8] != MY_OW_CRC8(scrb, 8))
 336   1      //  { 
 337   1      //    return FALSE;  /*CRC验证未通过*/
 338   1      //  }
 339   1            
 340   1        *iTemp=scr->T_msb<<8 | scr->T_lsb;      
 341   1        *iCap1=scr->C1_msb<<8 | scr->C1_lsb;  
 342   1      //  uart_printf("iCap1=%x  ",iCap1);
 343   1      
 344   1        return 1;   
 345   1      }
 346          
 347          
 348          //////////////////////////////////////////////////////////////////////////////////////////////////////////
             -////
 349          
 350          
 351          int SetCapChannel(unsigned char chann)
 352          { 
 353   1        unsigned char scrb[sizeof(MDC04_SCRPARAMETERS)];
 354   1        MDC04_SCRPARAMETERS *scr = (MDC04_SCRPARAMETERS *) scrb;
 355   1      
 356   1        /*读15个字节。第4字节是通道选择寄存器，最后字节是前14个的校验和--CRC。*/  
 357   1        if(MDC04_ReadParameters_SkipRom(scrb) == 0)
 358   1        {   
 359   2          return 0;  /*读寄存器失败*/
 360   2        }
C51 COMPILER V9.54   MDC04                                                                 04/13/2022 19:58:02 PAGE 7   

 361   1        
 362   1      //  /*计算接收的前14个字节的校验和，并与接收的第15个CRC字节比较。*/ 
 363   1      //  if(scrb[sizeof(MDC04_SCRPARAMETERS)-1] != MY_OW_CRC8(scrb, sizeof(MDC04_SCRPARAMETERS)-1))
 364   1      //  { 
 365   1      //    return FALSE;  /*CRC验证未通过*/
 366   1      //  } 
 367   1        
 368   1        scr->Ch_Sel = (scr->Ch_Sel & ~0x07) | (chann & 0x07);
 369   1        
 370   1        MDC04_WriteParameters_SkipRom(scrb);
 371   1      
 372   1        return 1;
 373   1      }
 374          
 375          void Convert_TC1(void)
 376          {
 377   1        unsigned short iTemp, iCap1;
 378   1        float fTemp, fCap1,sum_cap,sum_temp;
 379   1        int k1,AVERAGE_NUM =20,count = 0;
 380   1        
 381   1        SetCapChannel(0x01);//CAP_CH1_SEL
 382   1        
 383   1      
 384   1        
 385   1        
 386   1        for( k1 =0;k1<AVERAGE_NUM;k1++)
 387   1        {
 388   2          ConvertTC1();
 389   2          Delay_ms(15);
 390   2          
 391   2          ReadTempCap1(&iTemp, &iCap1) ;
 392   2      //    uart_printf("iCap1=%x  ",iCap1);
 393   2          fTemp=MDC04_OutputtoTemp(iTemp);
 394   2          //f = 15.000 ra = 15.492
 395   2      //    uart_printf("of = %.3f ra = %.3f  ",CapCfg_offset,CapCfg_range);
 396   2          fCap1=MDC04_OutputtoCap(iCap1, CapCfg_offset, CapCfg_range);
 397   2      //    uart_printf(" %.3f    ",fCap1);
 398   2          sum_temp += fTemp;
 399   2          sum_cap += fCap1;
 400   2          count++;
 401   2            Delay_ms(200);
 402   2        //            Delay_ms(500);
 403   2      
 404   2        }
 405   1      
 406   1          
 407   1        if(count >= AVERAGE_NUM)
 408   1        {
 409   2          fCap1 = sum_cap/count;
 410   2          fTemp = sum_temp/count;
 411   2      
 412   2          sum_cap = 0;
 413   2          sum_temp = 0;
 414   2          count=0;
 415   2        }
 416   1        
 417   1        
 418   1        uart_printf("Temp: %.2f Cap1: %.3f\r\n",fTemp,fCap1);
 419   1      
 420   1      }
 421          
 422          void readparameter(void)
C51 COMPILER V9.54   MDC04                                                                 04/13/2022 19:58:02 PAGE 8   

 423          {
 424   1        int i;
 425   1        unsigned char para[15];
 426   1      
 427   1         OW_ResetPresence();
 428   1          
 429   1          OW_WriteByte(0xcc);
 430   1          OW_WriteByte(0x8b);//READ_PARAMETERS
 431   1          
 432   1          for(i=0; i < 15; i++)
 433   1          {
 434   2          para[i] = OW_ReadByte();
 435   2      //    uart_printf(" %bx ",para[i]);
 436   2        }
 437   1            for(i=0; i < 15; i++)
 438   1          {
 439   2      //    para[i] = OW_ReadByte();
 440   2          uart_printf(" %bx ",para[i]);
 441   2        }
 442   1      
 443   1      }
 444          
 445          int writeCosCfb(unsigned char *Cos,unsigned char *Cfb)
 446          { 
 447   1        unsigned char scrb[sizeof(MDC04_SCRPARAMETERS)];
 448   1        MDC04_SCRPARAMETERS *scr = (MDC04_SCRPARAMETERS *) scrb;
 449   1      
 450   1        /*读15个字节。第5字节是偏置电容配置寄存器，第10字节是量程电容配置寄存器，最后字节是前14个的校验和--CRC。*
             -/  
 451   1        if(MDC04_ReadParameters_SkipRom(scrb) == 0)
 452   1        {   
 453   2          return 0;  /*读寄存器失败*/
 454   2        }
 455   1        
 456   1      //  /*计算接收的前14个字节的校验和，并与接收的第15个CRC字节比较。*/ 
 457   1      //  if(scrb[sizeof(MDC04_SCRPARAMETERS)-1] != MY_OW_CRC8(scrb, sizeof(MDC04_SCRPARAMETERS)-1))
 458   1      //  { 
 459   1      //    return FALSE;  /*CRC验证未通过*/
 460   1      //  } 
 461   1      //  uart_printf(": %bx  %bx :  ",Cos,Cfb);
 462   1        scr->Cos = *Cos ;
 463   1        scr->Cfb = *Cfb ;
 464   1        
 465   1      
 466   1        
 467   1        MDC04_WriteParameters_SkipRom(scrb);
 468   1        
 469   1        return 1;   
 470   1      }
 471          
 472          
 473          
 474          #endif


MODULE INFORMATION:   STATIC OVERLAYABLE
   CODE SIZE        =   1973    ----
   CONSTANT SIZE    =     42    ----
   XDATA SIZE       =   ----    ----
   PDATA SIZE       =     68     214
   DATA SIZE        =   ----    ----
   IDATA SIZE       =   ----    ----
C51 COMPILER V9.54   MDC04                                                                 04/13/2022 19:58:02 PAGE 9   

   BIT SIZE         =   ----    ----
   EDATA SIZE       =   ----    ----
   HDATA SIZE       =   ----    ----
   XDATA CONST SIZE =   ----    ----
   FAR CONST SIZE   =   ----    ----
END OF MODULE INFORMATION.


C51 COMPILATION COMPLETE.  0 WARNING(S),  0 ERROR(S)
