C51 COMPILER V9.54   OWMY                                                                  04/13/2022 19:58:02 PAGE 1   


C51 COMPILER V9.54, COMPILATION OF MODULE OWMY
OBJECT MODULE PLACED IN .\output\owmy.obj
COMPILER INVOKED BY: F:\keil51\C51\BIN\C51.EXE ..\DRIVE\src\owmy.c COMPACT OMF2 OPTIMIZE(8,SPEED) BROWSE INCDIR(..\DEVIC
                    -E\inc;..\DRIVE\inc) DEBUG PRINT(.\lst\owmy.lst) TABS(2) OBJECT(.\output\owmy.obj)

line level    source

   1          #ifndef _OWMY_C_
   2          #define _OWMY_C_
   3          
   4          
   5          #include "owmy.h"
   6          #include "delay.h"
   7          
   8          
   9          
  10          #define unit unsigned int
  11          
  12          sbit DQ = P1^1 ;
  13          
  14          #define ow_Delay_us     Delay_us
  15          
  16          
  17          void OW_Init(void)
  18          {
  19   1        P11F = OUTPUT|PD_EN;    //P11设置为PP输出
  20   1        P11F = INPUT|PU_EN;     //P11设置为PP输入
  21   1        
  22   1        ow_DQ_set();
  23   1        ow_Delay_us(500);
  24   1      //  P00F = (1<<5)|2;
  25   1        ow_DQ_reset();
  26   1        
  27   1      }
  28          
  29          
  30          void OW_Reset(void)
  31          {
  32   1        P11F = OUTPUT|PD_EN;    //P11设置为PP输出
  33   1        ow_DQ_reset();  // Drive DQ low
  34   1        ow_Delay_us(480); 
  35   1        ow_DQ_set();    // Release DQ
  36   1      }
  37          
  38          uchar OW_Presence(void)
  39          {
  40   1        unsigned char dq;
  41   1        
  42   1        P11F = INPUT|PU_EN;     //P11设置为PP输入
  43   1        ow_Delay_us(70);
  44   1        ow_DQ_get(); 
  45   1           dq = DQ;
  46   1        ow_Delay_us(410); // Complete the reset sequence recovery
  47   1        
  48   1        return dq;        
  49   1      }
  50          
  51          uchar OW_ResetPresence(void)
  52          {
  53   1        unsigned char dq;
  54   1        P11F = OUTPUT|PD_EN;    //P11设置为PP输出
C51 COMPILER V9.54   OWMY                                                                  04/13/2022 19:58:02 PAGE 2   

  55   1        ow_DQ_reset();  // Drive DQ low
  56   1        ow_Delay_us(480); 
  57   1        ow_DQ_set();    // Release DQ 
  58   1      
  59   1        P11F = INPUT|PU_EN;     //P11设置为PP输入
  60   1        ow_Delay_us(70);
  61   1      //  ow_DQ_get(); 
  62   1           dq = DQ;                   // Get presence pulse from slave
  63   1        ow_Delay_us(410);   // Complete the reset-presensce
  64   1        
  65   1        return dq;  
  66   1      }
  67          
  68          
  69          
  70          // Send a bit1 to DQ. Provide 10us recovery time.
  71          void OW_WriteBit(unsigned char bit1)
  72          {
  73   1        P11F = OUTPUT|PD_EN;    //P11设置为PP输出
  74   1        if (bit1)
  75   1        {
  76   2          // Write '1' to DQ
  77   2          ow_DQ_reset();              // Initialte write '1' time slot.
  78   2          ow_Delay_us(2);
  79   2          ow_DQ_set();    
  80   2          ow_Delay_us(68); // Complete the write '1' time slot.
  81   2        }
  82   1        else
  83   1        {
  84   2          // Write '0' to DQ
  85   2          ow_DQ_reset();              // Initialte write '0' time slot
  86   2          ow_Delay_us(60);
  87   2          ow_DQ_set();    
  88   2          ow_Delay_us(10); // Complete the write '0' time slot: recovery
  89   2        }
  90   1      }
  91          
  92          //---------------------------------------------------------------------------
  93          // Read a bit from DQ. Provide 10us recovery time.
  94          //
  95          int OW_ReadBit(void)
  96          {
  97   1        int bit1;
  98   1        P11F = OUTPUT|PD_EN;    //P11设置为PP输出
  99   1        ow_DQ_reset();                // Initialte read time slot
 100   1        ow_Delay_us(2);
 101   1        ow_DQ_set();  
 102   1        P11F = INPUT|PU_EN;     //P11设置为PP输入
 103   1        ow_Delay_us(10);
 104   1      //  ow_DQ_get();
 105   1        bit1 =  DQ;           // Sample DQ to get the bit from the slave  
 106   1        ow_Delay_us(58); // Complete the read time slot with 10us recovery
 107   1        
 108   1        return (bit1 != 0);
 109   1      }
 110          
 111          /*Send a byte to DQ. LSB first, MSB last.*/
 112          void OW_WriteByte(unsigned char data1)
 113          {
 114   1        int bit1;
 115   1        P11F = OUTPUT|PD_EN;    //P11设置为PP输出
 116   1        for (bit1 = 0; bit1 < 8; bit1++)
C51 COMPILER V9.54   OWMY                                                                  04/13/2022 19:58:02 PAGE 3   

 117   1        {
 118   2          OW_WriteBit(data1 & 0x01);
 119   2          data1 >>= 1;
 120   2        }
 121   1      }
 122          //---------------------------------------------------------------------------
 123          // Read a byte from DQ and return it. LSB first, MSB last.
 124          //
 125          unsigned char OW_ReadByte(void)
 126          {
 127   1        unsigned char bit1, byte=0;
 128   1          P11F = OUTPUT|PD_EN;    //P11设置为PP输出
 129   1        for (bit1 = 0; bit1 < 8; bit1++)
 130   1        {
 131   2          byte >>= 1;
 132   2          if (OW_ReadBit())
 133   2            byte |= 0x80;
 134   2        }
 135   1        
 136   1        return byte;
 137   1      }
 138          
 139          /* Single read time slot for polling slave ready.*/
 140          OW_SLAVESTATUS OW_ReadStatus(void)
 141          {
 142   1        int status;
 143   1          P11F = OUTPUT|PD_EN;  //P11设置为PP输出
 144   1        ow_DQ_reset();          // Initiate read time slot
 145   1        ow_Delay_us(2);
 146   1        ow_DQ_set(); 
 147   1        P11F = INPUT|PU_EN;     //P11设置为PP输入
 148   1        ow_Delay_us(10);
 149   1      //  ow_DQ_get();
 150   1        status = DQ;            // Get the status from DQ: '0' busy, '1' idle.
 151   1        ow_Delay_us(58);        // Complete the read time slot and recovery
 152   1        
 153   1        return (status ? READY : BUSY);
 154   1      }
 155          //---------------------------------------------------------------------------
 156          //Multi-Drop 1-Wire network function: get a bit value and its complement.
 157          //---------------------------------------------------------------------------
 158          unsigned char OW_Read2Bits(void)  
 159          {    
 160   1          unsigned char i, dq, data1; 
 161   1          data1 = 0;
 162   1          P11F = OUTPUT|PD_EN;    //P11设置为PP输出
 163   1          for(i=0; i<2; i++) 
 164   1          {
 165   2            dq = OW_ReadBit();    
 166   2            data1 = (data1) | (dq<<i);
 167   2          }
 168   1        
 169   1          return data1;
 170   1      }
 171          
 172          
 173          
 174          
 175          
 176          #endif


C51 COMPILER V9.54   OWMY                                                                  04/13/2022 19:58:02 PAGE 4   

MODULE INFORMATION:   STATIC OVERLAYABLE
   CODE SIZE        =    454    ----
   CONSTANT SIZE    =   ----    ----
   XDATA SIZE       =   ----    ----
   PDATA SIZE       =   ----      13
   DATA SIZE        =   ----    ----
   IDATA SIZE       =   ----    ----
   BIT SIZE         =   ----    ----
   EDATA SIZE       =   ----    ----
   HDATA SIZE       =   ----    ----
   XDATA CONST SIZE =   ----    ----
   FAR CONST SIZE   =   ----    ----
END OF MODULE INFORMATION.


C51 COMPILATION COMPLETE.  0 WARNING(S),  0 ERROR(S)
